<area shape="rect" href="$download__thread_8h.html#40ef1fc21a6ff7334a9ff35cf04c09d3" title="download_thread" alt="" coords="875,37,992,64">
<area shape="rect" href="$classdownload__container.html#f4a29367eef6db89e322eb3d7db245da" title="download_container::move_up" alt="" coords="316,119,511,145">
<area shape="rect" href="$mgmt__thread_8cpp.html#2a3dd2103d6b5fae167926ef55311a83" title="target_dl_down" alt="" coords="576,119,683,145">
<area shape="rect" href="$mgmt__thread_8cpp.html#1d97e1b67a6eea31e24e42bd9e497d8d" title="target_dl_up" alt="" coords="584,169,675,196">
<area shape="rect" href="$mgmt__thread_8cpp.html#547f9b8b70466db69684c66de22aaab7" title="target_dl_activate" alt="" coords="568,220,691,247">
<area shape="rect" href="$mgmt__thread_8cpp.html#0789f7a659c33e0d3d6d1c3c8de60af0" title="target_dl_deactivate" alt="" coords="560,271,699,297">
<area shape="rect" href="$mgmt__thread_8cpp.html#bde41a56d5a5823c1348cfc7f4b74dec" title="target_dl_del" alt="" coords="581,321,677,348">
<area shape="rect" href="$mgmt__thread_8cpp.html#86ad26dbf48a7009d00c01be6c89f667" title="target_dl_stop" alt="" coords="361,372,465,399">
<area shape="rect" href="$mgmt__thread_8h.html#ac0753fac4591f29b508fc5186295181" title="target_file_del" alt="" coords="363,423,464,449">
<area shape="rect" href="$mgmt__thread_8h.html#e511a7756c75b1fa16263f8c0440e244" title="target_file_getpath" alt="" coords="349,473,477,500">
<area shape="rect" href="$mgmt__thread_8h.html#cd8314efde436bfc621488f9f0d1105f" title="target_file_getsize" alt="" coords="349,524,477,551">
<area shape="rect" href="$download__thread_8h.html#6a8c6bb2fe38a6e62f8f3a9ee9226e19" title="download_thread_main" alt="" coords="1049,37,1201,64">
<area shape="rect" href="$downloaddaemon_8cpp.html#0ddf1224851353fc92bfbff6f499fa97" title="main" alt="" coords="1252,88,1300,115">
<area shape="rect" href="$mgmt__thread_8cpp.html#2518c8a3d16fe67e2052cfa3ee31690c" title="target_dl" alt="" coords="747,252,819,279">
<area shape="rect" href="$mgmt__thread_8h.html#62e55cd17c61a5ca32b9d43de1d016c5" title="connection_handler" alt="" coords="867,252,1000,279">
<area shape="rect" href="$mgmt__thread_8h.html#ae7fcd251e8eb9d8e2c333c469a3eddb" title="mgmt_thread_main" alt="" coords="1060,215,1191,241">
<area shape="rect" href="$mgmt__thread_8cpp.html#3fa30b5ef7ef5d8178f92feb90283260" title="target_file" alt="" coords="591,448,668,475">
