<area shape="rect" href="$ddclient-wx__about__dialog_8h.html" title="ddclient&#45;wx/ddclient&#45;wx_about_dialog.h" alt="" coords="341,80,587,107">
<area shape="rect" href="$ddclient-wx__picture_8cpp.html" title="ddclient&#45;wx/ddclient&#45;wx_picture.cpp" alt="" coords="611,80,837,107">
<area shape="rect" href="$ddclient-wx__main_8h.html" title="ddclient&#45;wx/ddclient&#45;wx_main.h" alt="" coords="237,155,437,181">
<area shape="rect" href="$ddclient-wx__about__dialog_8cpp.html" title="ddclient&#45;wx/ddclient&#45;wx_about_dialog.cpp" alt="" coords="461,155,720,181">
<area shape="rect" href="$ddclient-wx_8cpp.html" title="ddclient&#45;wx/ddclient&#45;wx.cpp" alt="" coords="5,229,184,256">
<area shape="rect" href="$ddclient-wx__connect__dialog_8h.html" title="ddclient&#45;wx/ddclient&#45;wx_connect_dialog.h" alt="" coords="208,229,467,256">
<area shape="rect" href="$ddclient-wx__main_8cpp.html" title="ddclient&#45;wx/ddclient&#45;wx_main.cpp" alt="" coords="491,229,707,256">
<area shape="rect" href="$ddclient-wx__connect__dialog_8cpp.html" title="ddclient&#45;wx/ddclient&#45;wx_connect_dialog.cpp" alt="" coords="200,304,475,331">
