<area shape="rect" href="$download__thread_8cpp.html#8eca3af233788102f8c0c7b7be9433b2" title="download_thread" alt="" coords="228,208,345,235">
<area shape="rect" href="$classdownload__container.html#86302f7e350f5db2d09087ad41dc4f13" title="download_container::end" alt="" coords="463,360,625,387">
<area shape="rect" href="$download__thread_8cpp.html#49a0b2405d5c3871e8388996868d9d15" title="get_next_downloadable" alt="" coords="209,436,364,463">
<area shape="rect" href="$helperfunctions_8cpp.html#c53842ea1e55f0ae9fdac8c27c88f350" title="correct_path" alt="" coords="497,107,591,133">
<area shape="rect" href="$classcfgfile.html#192e87d1ca8554fdf9748c67a11e0a19" title="cfgfile::get_cfg_value" alt="" coords="760,309,904,336">
<area shape="rect" href="$classdownload__container.html#4604ae112bab28a0ac67a089fdf49759" title="download_container::get_download_by_id" alt="" coords="415,259,673,285">
<area shape="rect" href="$helperfunctions_8cpp.html#29627d9dfaf5a48f0b30eadbae37f9f0" title="int_to_string" alt="" coords="499,5,589,32">
<area shape="rect" href="$helperfunctions_8cpp.html#1323c80ce04f827731ef6c31e066d429" title="log_string" alt="" coords="505,309,583,336">
<area shape="rect" href="$curl__callbacks_8cpp.html#d1dae67d72ffc81a68ff9dcd6b583bef" title="report_progress" alt="" coords="488,56,600,83">
<area shape="rect" href="$download__thread_8h.html#3964ba90c2ac14f17ea69835f8f8d15e" title="write_file" alt="" coords="508,157,580,184">
<area shape="rect" href="$uploaded__to_8cpp.html#9e009074e2d6cce81d8f5ca3654561b9" title="trim_string" alt="" coords="791,107,873,133">
<area shape="rect" href="$classdownload__container.html#7d2a4b3fcfc580655bc418cd7cd9b5a5" title="download_container::dump_to_file" alt="" coords="724,56,940,83">
<area shape="rect" href="$classdownload__container.html#560d8568ae6bd7a3003a1c7dd2e8e8ea" title="download_container::begin" alt="" coords="457,461,631,488">
<area shape="rect" href="$classdownload__container.html#e8068641cd0d9944a020b7a08d57ede4" title="download_container::empty" alt="" coords="455,512,633,539">
<area shape="rect" href="$classdownload__container.html#df489d6307d56a1bd3dbdf469b4ab4f1" title="download_container::running_downloads" alt="" coords="417,563,671,589">
