<area shape="rect" href="$download_8cpp.html" title="daemon/dl/download.cpp" alt="" coords="33,155,196,181">
<area shape="rect" href="$download__container_8h.html" title="daemon/dl/download_container.h" alt="" coords="652,80,860,107">
<area shape="rect" href="$download__container_8cpp.html" title="daemon/dl/download_container.cpp" alt="" coords="220,155,444,181">
<area shape="rect" href="$download__thread_8h.html" title="daemon/dl/download_thread.h" alt="" coords="519,155,711,181">
<area shape="rect" href="$download__thread_8cpp.html" title="daemon/dl/download_thread.cpp" alt="" coords="317,229,525,256">
<area shape="rect" href="$downloaddaemon_8cpp.html" title="daemon/downloaddaemon.cpp" alt="" coords="1097,229,1292,256">
<area shape="rect" href="$global__management_8cpp.html" title="daemon/mgmt/global_management.cpp" alt="" coords="549,229,797,256">
<area shape="rect" href="$mgmt__thread_8cpp.html" title="daemon/mgmt/mgmt_thread.cpp" alt="" coords="1449,155,1657,181">
<area shape="rect" href="$curl__callbacks_8cpp.html" title="daemon/tools/curl_callbacks.cpp" alt="" coords="924,155,1135,181">
<area shape="rect" href="$helperfunctions_8cpp.html" title="daemon/tools/helperfunctions.cpp" alt="" coords="1159,155,1375,181">
<area shape="rect" href="$mgmt__thread_8h.html" title="daemon/mgmt/mgmt_thread.h" alt="" coords="1500,80,1695,107">
<area shape="rect" href="$global_8h.html" title="daemon/global.h" alt="" coords="785,155,900,181">
