<area shape="rect" href="$helperfunctions_8cpp.html#c53842ea1e55f0ae9fdac8c27c88f350" title="correct_path" alt="" coords="257,5,351,32">
<area shape="rect" href="$classdownload__container.html#86302f7e350f5db2d09087ad41dc4f13" title="download_container::end" alt="" coords="223,56,385,83">
<area shape="rect" href="$classcfgfile.html#192e87d1ca8554fdf9748c67a11e0a19" title="cfgfile::get_cfg_value" alt="" coords="520,183,664,209">
<area shape="rect" href="$classdownload__container.html#4604ae112bab28a0ac67a089fdf49759" title="download_container::get_download_by_id" alt="" coords="175,157,433,184">
<area shape="rect" href="$helperfunctions_8cpp.html#29627d9dfaf5a48f0b30eadbae37f9f0" title="int_to_string" alt="" coords="259,208,349,235">
<area shape="rect" href="$helperfunctions_8cpp.html#1323c80ce04f827731ef6c31e066d429" title="log_string" alt="" coords="265,259,343,285">
<area shape="rect" href="$curl__callbacks_8cpp.html#d1dae67d72ffc81a68ff9dcd6b583bef" title="report_progress" alt="" coords="248,309,360,336">
<area shape="rect" href="$download__thread_8h.html#3964ba90c2ac14f17ea69835f8f8d15e" title="write_file" alt="" coords="268,360,340,387">
<area shape="rect" href="$uploaded__to_8cpp.html#9e009074e2d6cce81d8f5ca3654561b9" title="trim_string" alt="" coords="551,5,633,32">
<area shape="rect" href="$classdownload__container.html#7d2a4b3fcfc580655bc418cd7cd9b5a5" title="download_container::dump_to_file" alt="" coords="484,309,700,336">
