<area shape="rect" href="$mgmt__thread_8h.html#62e55cd17c61a5ca32b9d43de1d016c5" title="connection_handler" alt="" coords="485,604,619,631">
<area shape="rect" href="$mgmt__thread_8h.html#ae7fcd251e8eb9d8e2c333c469a3eddb" title="mgmt_thread_main" alt="" coords="679,160,809,187">
<area shape="rect" href="$downloaddaemon_8cpp.html#0ddf1224851353fc92bfbff6f499fa97" title="main" alt="" coords="871,109,919,136">
<area shape="rect" href="$download__thread_8h.html#40ef1fc21a6ff7334a9ff35cf04c09d3" title="download_thread" alt="" coords="493,59,611,85">
<area shape="rect" href="$classdownload.html#7cdcf1d93e0576efd6ee1f8fd1691c86" title="download::get_download" alt="" coords="131,211,293,237">
<area shape="rect" href="$global__management_8h.html#4bcd6ce7d04c38f8c4ff908d1fc50f86" title="reconnect" alt="" coords="513,793,591,820">
<area shape="rect" href="$mgmt__thread_8cpp.html#547f9b8b70466db69684c66de22aaab7" title="target_dl_activate" alt="" coords="151,515,273,541">
<area shape="rect" href="$mgmt__thread_8cpp.html#133b183d1c5f84609327d8eeda65825d" title="target_dl_add" alt="" coords="163,160,261,187">
<area shape="rect" href="$mgmt__thread_8cpp.html#0789f7a659c33e0d3d6d1c3c8de60af0" title="target_dl_deactivate" alt="" coords="143,261,281,288">
<area shape="rect" href="$mgmt__thread_8cpp.html#bde41a56d5a5823c1348cfc7f4b74dec" title="target_dl_del" alt="" coords="164,312,260,339">
<area shape="rect" href="$mgmt__thread_8cpp.html#2a3dd2103d6b5fae167926ef55311a83" title="target_dl_down" alt="" coords="159,363,265,389">
<area shape="rect" href="$mgmt__thread_8cpp.html#86ad26dbf48a7009d00c01be6c89f667" title="target_dl_stop" alt="" coords="160,413,264,440">
<area shape="rect" href="$mgmt__thread_8cpp.html#1d97e1b67a6eea31e24e42bd9e497d8d" title="target_dl_up" alt="" coords="167,464,257,491">
<area shape="rect" href="$mgmt__thread_8h.html#ac0753fac4591f29b508fc5186295181" title="target_file_del" alt="" coords="161,717,263,744">
<area shape="rect" href="$mgmt__thread_8h.html#e511a7756c75b1fa16263f8c0440e244" title="target_file_getpath" alt="" coords="148,616,276,643">
<area shape="rect" href="$mgmt__thread_8h.html#cd8314efde436bfc621488f9f0d1105f" title="target_file_getsize" alt="" coords="148,667,276,693">
<area shape="rect" href="$mgmt__thread_8h.html#347fca9bcdf9f8b1581234cd1134ba7d" title="target_router_list" alt="" coords="153,869,271,896">
<area shape="rect" href="$mgmt__thread_8h.html#2cbd5d5fdc3e57191812c0c9be76d9f4" title="target_router_set" alt="" coords="152,768,272,795">
<area shape="rect" href="$mgmt__thread_8h.html#c3f5369ea8d7299258becb7731e596f9" title="target_router_setmodel" alt="" coords="135,819,289,845">
<area shape="rect" href="$mgmt__thread_8cpp.html#918200c89d052c464b84d6cf5682f02a" title="target_var_set" alt="" coords="160,920,264,947">
<area shape="rect" href="$download__thread_8h.html#6a8c6bb2fe38a6e62f8f3a9ee9226e19" title="download_thread_main" alt="" coords="668,109,820,136">
<area shape="rect" href="$mgmt__thread_8cpp.html#2518c8a3d16fe67e2052cfa3ee31690c" title="target_dl" alt="" coords="353,388,425,415">
<area shape="rect" href="$mgmt__thread_8cpp.html#3fa30b5ef7ef5d8178f92feb90283260" title="target_file" alt="" coords="351,641,428,668">
<area shape="rect" href="$mgmt__thread_8h.html#2c0d9d2be101c689771d81d0cddebbac" title="target_router" alt="" coords="343,793,436,820">
<area shape="rect" href="$mgmt__thread_8cpp.html#088c2505080ea1426ddd756dc23dd23b" title="target_var" alt="" coords="349,883,429,909">
