<area shape="rect" href="$classtkSock.html#994acf1d5e52f9e52560f4e9179232e8" title="tkSock::auto_accept" alt="" coords="200,1449,341,1476">
<area shape="rect" href="$classtkSock.html#ab1c28941fe374253221685f1c3c8b94" title="tkSock::auto_accept_join" alt="" coords="187,1500,355,1527">
<area shape="rect" href="$classtkSock.html#b13e8a6ea420fee629312d98955306cd" title="tkSock::bind" alt="" coords="224,1551,317,1577">
<area shape="rect" href="$mgmt__thread_8cpp.html#62e55cd17c61a5ca32b9d43de1d016c5" title="connection_handler" alt="" coords="204,1601,337,1628">
<area shape="rect" href="$classcfgfile.html#192e87d1ca8554fdf9748c67a11e0a19" title="cfgfile::get_cfg_value" alt="" coords="1067,1804,1211,1831">
<area shape="rect" href="$helperfunctions_8cpp.html#1323c80ce04f827731ef6c31e066d429" title="log_string" alt="" coords="816,1069,893,1096">
<area shape="rect" href="$classtkSock.html#7d6b764bb30ea10b0077b89f46c174f0" title="tkSock::listen" alt="" coords="220,1981,321,2008">
<area shape="rect" href="$helperfunctions_8cpp.html#d4694ad92bebae4d107ff1541b1e7d1a" title="string_to_int" alt="" coords="225,2032,316,2059">
<area shape="rect" href="$classtkSock.html#2d7f9539806d609dfda0956e7c1a0a00" title="tkSock::recv" alt="" coords="403,1627,499,1653">
<area shape="rect" href="$mgmt__thread_8cpp.html#2518c8a3d16fe67e2052cfa3ee31690c" title="target_dl" alt="" coords="415,689,487,716">
<area shape="rect" href="$uploaded__to_8cpp.html#9e009074e2d6cce81d8f5ca3654561b9" title="trim_string" alt="" coords="1097,1399,1180,1425">
<area shape="rect" href="$mgmt__thread_8cpp.html#3fa30b5ef7ef5d8178f92feb90283260" title="target_file" alt="" coords="412,1069,489,1096">
<area shape="rect" href="$mgmt__thread_8cpp.html#2c0d9d2be101c689771d81d0cddebbac" title="target_router" alt="" coords="404,1500,497,1527">
<area shape="rect" href="$mgmt__thread_8cpp.html#088c2505080ea1426ddd756dc23dd23b" title="target_var" alt="" coords="411,1576,491,1603">
<area shape="rect" href="$mgmt__thread_8cpp.html#547f9b8b70466db69684c66de22aaab7" title="target_dl_activate" alt="" coords="563,613,685,640">
<area shape="rect" href="$mgmt__thread_8cpp.html#133b183d1c5f84609327d8eeda65825d" title="target_dl_add" alt="" coords="575,157,673,184">
<area shape="rect" href="$mgmt__thread_8cpp.html#0789f7a659c33e0d3d6d1c3c8de60af0" title="target_dl_deactivate" alt="" coords="555,664,693,691">
<area shape="rect" href="$mgmt__thread_8cpp.html#bde41a56d5a5823c1348cfc7f4b74dec" title="target_dl_del" alt="" coords="576,715,672,741">
<area shape="rect" href="$mgmt__thread_8cpp.html#2a3dd2103d6b5fae167926ef55311a83" title="target_dl_down" alt="" coords="571,816,677,843">
<area shape="rect" href="$mgmt__thread_8cpp.html#c4788fc2bd6a4c7334e4e9fd559f50e4" title="target_dl_list" alt="" coords="576,360,672,387">
<area shape="rect" href="$mgmt__thread_8cpp.html#86ad26dbf48a7009d00c01be6c89f667" title="target_dl_stop" alt="" coords="572,563,676,589">
<area shape="rect" href="$mgmt__thread_8cpp.html#1d97e1b67a6eea31e24e42bd9e497d8d" title="target_dl_up" alt="" coords="579,892,669,919">
<area shape="rect" href="$classdownload__container.html#7d2a4b3fcfc580655bc418cd7cd9b5a5" title="download_container::dump_to_file" alt="" coords="1031,461,1247,488">
<area shape="rect" href="$classdownload__container.html#86302f7e350f5db2d09087ad41dc4f13" title="download_container::end" alt="" coords="773,613,936,640">
<area shape="rect" href="$classdownload__container.html#4604ae112bab28a0ac67a089fdf49759" title="download_container::get_download_by_id" alt="" coords="1009,791,1268,817">
<area shape="rect" href="$classdownload__container.html#49adab1771a153fc72572c4baf71dd55" title="download_container::get_next_id" alt="" coords="749,56,960,83">
<area shape="rect" href="$classdownload__container.html#672421efa24f34eab1e4e268ab7f319a" title="download_container::push_back" alt="" coords="752,107,957,133">
<area shape="rect" href="$helperfunctions_8cpp.html#1f03fdbcadc90b96b73f5e0adca09380" title="replace_all" alt="" coords="813,157,896,184">
<area shape="rect" href="$helperfunctions_8cpp.html#1461c640a97d59d4b083bdaecf194e5d" title="validate_url" alt="" coords="811,5,899,32">
<area shape="rect" href="$classdownload__container.html#f4a29367eef6db89e322eb3d7db245da" title="download_container::move_up" alt="" coords="757,867,952,893">
<area shape="rect" href="$classdownload__container.html#a08851d9ee94ce4abb5ba7e681045a54" title="download_container::arrange_by_id" alt="" coords="1027,867,1251,893">
<area shape="rect" href="$classdownload__container.html#560d8568ae6bd7a3003a1c7dd2e8e8ea" title="download_container::begin" alt="" coords="768,208,941,235">
<area shape="rect" href="$mgmt__thread_8cpp.html#ac0753fac4591f29b508fc5186295181" title="target_file_del" alt="" coords="573,765,675,792">
<area shape="rect" href="$mgmt__thread_8cpp.html#e511a7756c75b1fa16263f8c0440e244" title="target_file_getpath" alt="" coords="560,993,688,1020">
<area shape="rect" href="$mgmt__thread_8cpp.html#cd8314efde436bfc621488f9f0d1105f" title="target_file_getsize" alt="" coords="560,1069,688,1096">
<area shape="rect" href="$helperfunctions_8cpp.html#29627d9dfaf5a48f0b30eadbae37f9f0" title="int_to_string" alt="" coords="809,1171,900,1197">
<area shape="rect" href="$mgmt__thread_8cpp.html#d0b5bbaeed5cc2e3b29742d35b45f5d2" title="target_router_get" alt="" coords="795,1779,915,1805">
<area shape="rect" href="$mgmt__thread_8cpp.html#347fca9bcdf9f8b1581234cd1134ba7d" title="target_router_list" alt="" coords="565,1221,683,1248">
<area shape="rect" href="$mgmt__thread_8cpp.html#2cbd5d5fdc3e57191812c0c9be76d9f4" title="target_router_set" alt="" coords="564,1424,684,1451">
<area shape="rect" href="$mgmt__thread_8cpp.html#c3f5369ea8d7299258becb7731e596f9" title="target_router_setmodel" alt="" coords="547,1475,701,1501">
<area shape="rect" href="$helperfunctions_8cpp.html#6cb29d5af73e56ff78c05b4df4691d7a" title="router_variable_is_valid" alt="" coords="776,1424,933,1451">
<area shape="rect" href="$classcfgfile.html#a0ae3dfcba9c5b66dc72237df4e3eb82" title="cfgfile::set_cfg_value" alt="" coords="783,1525,927,1552">
<area shape="rect" href="$classcfgfile.html#4977c39b6719236bf4a8d4a3f241f651" title="cfgfile::reload_file" alt="" coords="1077,1525,1200,1552">
<area shape="rect" href="$mgmt__thread_8cpp.html#045685269481acd979516e01b13ac914" title="target_var_get" alt="" coords="803,1829,907,1856">
<area shape="rect" href="$mgmt__thread_8cpp.html#918200c89d052c464b84d6cf5682f02a" title="target_var_set" alt="" coords="572,1627,676,1653">
<area shape="rect" href="$helperfunctions_8cpp.html#d7866ffbb41c26305c86b8c8cff80c70" title="variable_is_valid" alt="" coords="796,1677,913,1704">
