<area shape="rect" href="$mgmt__thread_8cpp.html#045685269481acd979516e01b13ac914" title="target_var_get" alt="" coords="133,15,237,41">
<area shape="rect" href="$mgmt__thread_8cpp.html#918200c89d052c464b84d6cf5682f02a" title="target_var_set" alt="" coords="133,116,237,143">
<area shape="rect" href="$uploaded__to_8cpp.html#9e009074e2d6cce81d8f5ca3654561b9" title="trim_string" alt="" coords="512,217,595,244">
<area shape="rect" href="$classcfgfile.html#192e87d1ca8554fdf9748c67a11e0a19" title="cfgfile::get_cfg_value" alt="" coords="481,15,625,41">
<area shape="rect" href="$helperfunctions_8cpp.html#1323c80ce04f827731ef6c31e066d429" title="log_string" alt="" coords="320,65,397,92">
<area shape="rect" href="$classcfgfile.html#a0ae3dfcba9c5b66dc72237df4e3eb82" title="cfgfile::set_cfg_value" alt="" coords="287,116,431,143">
<area shape="rect" href="$helperfunctions_8cpp.html#d7866ffbb41c26305c86b8c8cff80c70" title="variable_is_valid" alt="" coords="300,217,417,244">
<area shape="rect" href="$classcfgfile.html#4977c39b6719236bf4a8d4a3f241f651" title="cfgfile::reload_file" alt="" coords="492,116,615,143">
