<area shape="rect" href="$mgmt__thread_8cpp.html#d0b5bbaeed5cc2e3b29742d35b45f5d2" title="target_router_get" alt="" coords="371,5,491,32">
<area shape="rect" href="$mgmt__thread_8cpp.html#347fca9bcdf9f8b1581234cd1134ba7d" title="target_router_list" alt="" coords="168,56,285,83">
<area shape="rect" href="$mgmt__thread_8cpp.html#2cbd5d5fdc3e57191812c0c9be76d9f4" title="target_router_set" alt="" coords="167,157,287,184">
<area shape="rect" href="$uploaded__to_8cpp.html#9e009074e2d6cce81d8f5ca3654561b9" title="trim_string" alt="" coords="589,208,672,235">
<area shape="rect" href="$mgmt__thread_8cpp.html#c3f5369ea8d7299258becb7731e596f9" title="target_router_setmodel" alt="" coords="149,107,304,133">
<area shape="rect" href="$classcfgfile.html#192e87d1ca8554fdf9748c67a11e0a19" title="cfgfile::get_cfg_value" alt="" coords="559,31,703,57">
<area shape="rect" href="$helperfunctions_8cpp.html#1323c80ce04f827731ef6c31e066d429" title="log_string" alt="" coords="392,56,469,83">
<area shape="rect" href="$helperfunctions_8cpp.html#6cb29d5af73e56ff78c05b4df4691d7a" title="router_variable_is_valid" alt="" coords="352,208,509,235">
<area shape="rect" href="$classcfgfile.html#a0ae3dfcba9c5b66dc72237df4e3eb82" title="cfgfile::set_cfg_value" alt="" coords="359,107,503,133">
<area shape="rect" href="$classcfgfile.html#4977c39b6719236bf4a8d4a3f241f651" title="cfgfile::reload_file" alt="" coords="569,107,692,133">
