<area shape="rect" href="$classdownload__container.html#49adab1771a153fc72572c4baf71dd55" title="download_container::get_next_id" alt="" coords="155,5,365,32">
<area shape="rect" href="$helperfunctions_8cpp.html#1323c80ce04f827731ef6c31e066d429" title="log_string" alt="" coords="221,56,299,83">
<area shape="rect" href="$classdownload__container.html#672421efa24f34eab1e4e268ab7f319a" title="download_container::push_back" alt="" coords="157,107,363,133">
<area shape="rect" href="$helperfunctions_8cpp.html#1f03fdbcadc90b96b73f5e0adca09380" title="replace_all" alt="" coords="219,157,301,184">
<area shape="rect" href="$uploaded__to_8cpp.html#9e009074e2d6cce81d8f5ca3654561b9" title="trim_string" alt="" coords="219,208,301,235">
<area shape="rect" href="$helperfunctions_8cpp.html#1461c640a97d59d4b083bdaecf194e5d" title="validate_url" alt="" coords="216,259,304,285">
<area shape="rect" href="$classcfgfile.html#192e87d1ca8554fdf9748c67a11e0a19" title="cfgfile::get_cfg_value" alt="" coords="451,56,595,83">
<area shape="rect" href="$classdownload__container.html#7d2a4b3fcfc580655bc418cd7cd9b5a5" title="download_container::dump_to_file" alt="" coords="415,107,631,133">
