<area shape="rect" href="$mgmt__thread_8cpp.html#547f9b8b70466db69684c66de22aaab7" title="target_dl_activate" alt="" coords="133,563,256,589">
<area shape="rect" href="$mgmt__thread_8cpp.html#133b183d1c5f84609327d8eeda65825d" title="target_dl_add" alt="" coords="145,157,244,184">
<area shape="rect" href="$uploaded__to_8cpp.html#9e009074e2d6cce81d8f5ca3654561b9" title="trim_string" alt="" coords="376,5,459,32">
<area shape="rect" href="$mgmt__thread_8cpp.html#0789f7a659c33e0d3d6d1c3c8de60af0" title="target_dl_deactivate" alt="" coords="125,613,264,640">
<area shape="rect" href="$mgmt__thread_8cpp.html#bde41a56d5a5823c1348cfc7f4b74dec" title="target_dl_del" alt="" coords="147,512,243,539">
<area shape="rect" href="$mgmt__thread_8cpp.html#2a3dd2103d6b5fae167926ef55311a83" title="target_dl_down" alt="" coords="141,664,248,691">
<area shape="rect" href="$mgmt__thread_8cpp.html#c4788fc2bd6a4c7334e4e9fd559f50e4" title="target_dl_list" alt="" coords="147,335,243,361">
<area shape="rect" href="$mgmt__thread_8cpp.html#86ad26dbf48a7009d00c01be6c89f667" title="target_dl_stop" alt="" coords="143,461,247,488">
<area shape="rect" href="$mgmt__thread_8cpp.html#1d97e1b67a6eea31e24e42bd9e497d8d" title="target_dl_up" alt="" coords="149,791,240,817">
<area shape="rect" href="$classdownload__container.html#7d2a4b3fcfc580655bc418cd7cd9b5a5" title="download_container::dump_to_file" alt="" coords="593,461,809,488">
<area shape="rect" href="$classdownload__container.html#86302f7e350f5db2d09087ad41dc4f13" title="download_container::end" alt="" coords="336,512,499,539">
<area shape="rect" href="$classdownload__container.html#4604ae112bab28a0ac67a089fdf49759" title="download_container::get_download_by_id" alt="" coords="572,765,831,792">
<area shape="rect" href="$helperfunctions_8cpp.html#1323c80ce04f827731ef6c31e066d429" title="log_string" alt="" coords="379,613,456,640">
<area shape="rect" href="$classcfgfile.html#192e87d1ca8554fdf9748c67a11e0a19" title="cfgfile::get_cfg_value" alt="" coords="629,613,773,640">
<area shape="rect" href="$classdownload__container.html#49adab1771a153fc72572c4baf71dd55" title="download_container::get_next_id" alt="" coords="312,56,523,83">
<area shape="rect" href="$classdownload__container.html#672421efa24f34eab1e4e268ab7f319a" title="download_container::push_back" alt="" coords="315,157,520,184">
<area shape="rect" href="$helperfunctions_8cpp.html#1f03fdbcadc90b96b73f5e0adca09380" title="replace_all" alt="" coords="376,208,459,235">
<area shape="rect" href="$helperfunctions_8cpp.html#1461c640a97d59d4b083bdaecf194e5d" title="validate_url" alt="" coords="373,107,461,133">
<area shape="rect" href="$classdownload__container.html#f4a29367eef6db89e322eb3d7db245da" title="download_container::move_up" alt="" coords="320,867,515,893">
<area shape="rect" href="$classdownload__container.html#a08851d9ee94ce4abb5ba7e681045a54" title="download_container::arrange_by_id" alt="" coords="589,867,813,893">
<area shape="rect" href="$classdownload__container.html#560d8568ae6bd7a3003a1c7dd2e8e8ea" title="download_container::begin" alt="" coords="331,259,504,285">
