<area shape="rect" href="$classcfgfile.html#192e87d1ca8554fdf9748c67a11e0a19" title="cfgfile::get_cfg_value" alt="" coords="851,1272,995,1299">
<area shape="rect" href="$helperfunctions_8cpp.html#1323c80ce04f827731ef6c31e066d429" title="log_string" alt="" coords="600,1019,677,1045">
<area shape="rect" href="$classtkSock.html#2d7f9539806d609dfda0956e7c1a0a00" title="tkSock::recv" alt="" coords="187,1931,283,1957">
<area shape="rect" href="$mgmt__thread_8cpp.html#2518c8a3d16fe67e2052cfa3ee31690c" title="target_dl" alt="" coords="199,689,271,716">
<area shape="rect" href="$uploaded__to_8cpp.html#9e009074e2d6cce81d8f5ca3654561b9" title="trim_string" alt="" coords="881,1652,964,1679">
<area shape="rect" href="$mgmt__thread_8cpp.html#3fa30b5ef7ef5d8178f92feb90283260" title="target_file" alt="" coords="196,1120,273,1147">
<area shape="rect" href="$mgmt__thread_8cpp.html#2c0d9d2be101c689771d81d0cddebbac" title="target_router" alt="" coords="188,1373,281,1400">
<area shape="rect" href="$mgmt__thread_8cpp.html#088c2505080ea1426ddd756dc23dd23b" title="target_var" alt="" coords="195,1475,275,1501">
<area shape="rect" href="$mgmt__thread_8cpp.html#547f9b8b70466db69684c66de22aaab7" title="target_dl_activate" alt="" coords="347,613,469,640">
<area shape="rect" href="$mgmt__thread_8cpp.html#133b183d1c5f84609327d8eeda65825d" title="target_dl_add" alt="" coords="359,157,457,184">
<area shape="rect" href="$mgmt__thread_8cpp.html#0789f7a659c33e0d3d6d1c3c8de60af0" title="target_dl_deactivate" alt="" coords="339,664,477,691">
<area shape="rect" href="$mgmt__thread_8cpp.html#bde41a56d5a5823c1348cfc7f4b74dec" title="target_dl_del" alt="" coords="360,563,456,589">
<area shape="rect" href="$mgmt__thread_8cpp.html#2a3dd2103d6b5fae167926ef55311a83" title="target_dl_down" alt="" coords="355,816,461,843">
<area shape="rect" href="$mgmt__thread_8cpp.html#c4788fc2bd6a4c7334e4e9fd559f50e4" title="target_dl_list" alt="" coords="360,360,456,387">
<area shape="rect" href="$mgmt__thread_8cpp.html#86ad26dbf48a7009d00c01be6c89f667" title="target_dl_stop" alt="" coords="356,715,460,741">
<area shape="rect" href="$mgmt__thread_8cpp.html#1d97e1b67a6eea31e24e42bd9e497d8d" title="target_dl_up" alt="" coords="363,892,453,919">
<area shape="rect" href="$classdownload__container.html#7d2a4b3fcfc580655bc418cd7cd9b5a5" title="download_container::dump_to_file" alt="" coords="815,461,1031,488">
<area shape="rect" href="$classdownload__container.html#86302f7e350f5db2d09087ad41dc4f13" title="download_container::end" alt="" coords="557,613,720,640">
<area shape="rect" href="$classdownload__container.html#4604ae112bab28a0ac67a089fdf49759" title="download_container::get_download_by_id" alt="" coords="793,791,1052,817">
<area shape="rect" href="$classdownload__container.html#49adab1771a153fc72572c4baf71dd55" title="download_container::get_next_id" alt="" coords="533,56,744,83">
<area shape="rect" href="$classdownload__container.html#672421efa24f34eab1e4e268ab7f319a" title="download_container::push_back" alt="" coords="536,5,741,32">
<area shape="rect" href="$helperfunctions_8cpp.html#1f03fdbcadc90b96b73f5e0adca09380" title="replace_all" alt="" coords="597,157,680,184">
<area shape="rect" href="$helperfunctions_8cpp.html#1461c640a97d59d4b083bdaecf194e5d" title="validate_url" alt="" coords="595,107,683,133">
<area shape="rect" href="$classdownload__container.html#f4a29367eef6db89e322eb3d7db245da" title="download_container::move_up" alt="" coords="541,867,736,893">
<area shape="rect" href="$classdownload__container.html#a08851d9ee94ce4abb5ba7e681045a54" title="download_container::arrange_by_id" alt="" coords="811,867,1035,893">
<area shape="rect" href="$classdownload__container.html#560d8568ae6bd7a3003a1c7dd2e8e8ea" title="download_container::begin" alt="" coords="552,208,725,235">
<area shape="rect" href="$mgmt__thread_8cpp.html#ac0753fac4591f29b508fc5186295181" title="target_file_del" alt="" coords="357,765,459,792">
<area shape="rect" href="$mgmt__thread_8cpp.html#e511a7756c75b1fa16263f8c0440e244" title="target_file_getpath" alt="" coords="344,1069,472,1096">
<area shape="rect" href="$mgmt__thread_8cpp.html#cd8314efde436bfc621488f9f0d1105f" title="target_file_getsize" alt="" coords="344,1120,472,1147">
<area shape="rect" href="$helperfunctions_8cpp.html#29627d9dfaf5a48f0b30eadbae37f9f0" title="int_to_string" alt="" coords="593,1171,684,1197">
<area shape="rect" href="$mgmt__thread_8cpp.html#d0b5bbaeed5cc2e3b29742d35b45f5d2" title="target_router_get" alt="" coords="579,1272,699,1299">
<area shape="rect" href="$mgmt__thread_8cpp.html#347fca9bcdf9f8b1581234cd1134ba7d" title="target_router_list" alt="" coords="349,1171,467,1197">
<area shape="rect" href="$mgmt__thread_8cpp.html#2cbd5d5fdc3e57191812c0c9be76d9f4" title="target_router_set" alt="" coords="348,1677,468,1704">
<area shape="rect" href="$mgmt__thread_8cpp.html#c3f5369ea8d7299258becb7731e596f9" title="target_router_setmodel" alt="" coords="331,1348,485,1375">
<area shape="rect" href="$helperfunctions_8cpp.html#6cb29d5af73e56ff78c05b4df4691d7a" title="router_variable_is_valid" alt="" coords="560,1728,717,1755">
<area shape="rect" href="$classcfgfile.html#a0ae3dfcba9c5b66dc72237df4e3eb82" title="cfgfile::set_cfg_value" alt="" coords="567,1475,711,1501">
<area shape="rect" href="$classcfgfile.html#4977c39b6719236bf4a8d4a3f241f651" title="cfgfile::reload_file" alt="" coords="861,1475,984,1501">
<area shape="rect" href="$mgmt__thread_8cpp.html#045685269481acd979516e01b13ac914" title="target_var_get" alt="" coords="587,1373,691,1400">
<area shape="rect" href="$mgmt__thread_8cpp.html#918200c89d052c464b84d6cf5682f02a" title="target_var_set" alt="" coords="356,1500,460,1527">
<area shape="rect" href="$helperfunctions_8cpp.html#d7866ffbb41c26305c86b8c8cff80c70" title="variable_is_valid" alt="" coords="580,1525,697,1552">
