<area shape="rect" href="$mgmt__thread_8cpp.html#ac0753fac4591f29b508fc5186295181" title="target_file_del" alt="" coords="147,56,248,83">
<area shape="rect" href="$mgmt__thread_8cpp.html#e511a7756c75b1fa16263f8c0440e244" title="target_file_getpath" alt="" coords="133,107,261,133">
<area shape="rect" href="$mgmt__thread_8cpp.html#cd8314efde436bfc621488f9f0d1105f" title="target_file_getsize" alt="" coords="133,157,261,184">
<area shape="rect" href="$uploaded__to_8cpp.html#9e009074e2d6cce81d8f5ca3654561b9" title="trim_string" alt="" coords="156,208,239,235">
<area shape="rect" href="$classdownload__container.html#7d2a4b3fcfc580655bc418cd7cd9b5a5" title="download_container::dump_to_file" alt="" coords="332,5,548,32">
<area shape="rect" href="$classdownload__container.html#86302f7e350f5db2d09087ad41dc4f13" title="download_container::end" alt="" coords="359,56,521,83">
<area shape="rect" href="$classdownload__container.html#4604ae112bab28a0ac67a089fdf49759" title="download_container::get_download_by_id" alt="" coords="311,107,569,133">
<area shape="rect" href="$helperfunctions_8cpp.html#1323c80ce04f827731ef6c31e066d429" title="log_string" alt="" coords="401,157,479,184">
<area shape="rect" href="$classcfgfile.html#192e87d1ca8554fdf9748c67a11e0a19" title="cfgfile::get_cfg_value" alt="" coords="620,157,764,184">
<area shape="rect" href="$helperfunctions_8cpp.html#29627d9dfaf5a48f0b30eadbae37f9f0" title="int_to_string" alt="" coords="395,208,485,235">
