<area shape="rect" href="$mgmt__thread_8h.html" title="daemon/mgmt/mgmt_thread.h" alt="" coords="96,80,291,107">
<area shape="rect" href="$mgmt__thread_8cpp.html" title="daemon/mgmt/mgmt_thread.cpp" alt="" coords="224,155,432,181">
<area shape="rect" href="$ddclient_8cpp.html" title="ddclient/ddclient.cpp" alt="" coords="365,80,504,107">
<area shape="rect" href="$ddclient-wx__connect__dialog_8h.html" title="ddclient&#45;wx/ddclient&#45;wx_connect_dialog.h" alt="" coords="579,80,837,107">
<area shape="rect" href="$ddclient-wx__main_8h.html" title="ddclient&#45;wx/ddclient&#45;wx_main.h" alt="" coords="532,155,732,181">
<area shape="rect" href="$netpptk_8cpp.html" title="lib/netpptk/netpptk.cpp" alt="" coords="861,80,1013,107">
<area shape="rect" href="$downloaddaemon_8cpp.html" title="daemon/downloaddaemon.cpp" alt="" coords="5,155,200,181">
<area shape="rect" href="$ddclient-wx__connect__dialog_8cpp.html" title="ddclient&#45;wx/ddclient&#45;wx_connect_dialog.cpp" alt="" coords="756,155,1031,181">
<area shape="rect" href="$ddclient-wx_8cpp.html" title="ddclient&#45;wx/ddclient&#45;wx.cpp" alt="" coords="432,229,611,256">
<area shape="rect" href="$ddclient-wx__main_8cpp.html" title="ddclient&#45;wx/ddclient&#45;wx_main.cpp" alt="" coords="635,229,851,256">
