<area shape="rect" href="$mgmt__thread_8h.html#62e55cd17c61a5ca32b9d43de1d016c5" title="connection_handler" alt="" coords="589,245,723,272">
<area shape="rect" href="$mgmt__thread_8h.html#ae7fcd251e8eb9d8e2c333c469a3eddb" title="mgmt_thread_main" alt="" coords="783,397,913,424">
<area shape="rect" href="$downloaddaemon_8cpp.html#0ddf1224851353fc92bfbff6f499fa97" title="main" alt="" coords="964,397,1012,424">
<area shape="rect" href="$download__thread_8cpp.html#82e1718c72a72e81ab863c9a841a1d63" title="download_thread" alt="" coords="412,549,529,576">
<area shape="rect" href="$mgmt__thread_8h.html#07ce11fe7b71a097d8792a5d632031b6" title="dump_list_to_file" alt="" coords="221,195,341,221">
<area shape="rect" href="$mgmt__thread_8h.html#3a6b4cdfc64b5f8035e389a9b826a3cf" title="get" alt="" coords="451,448,491,475">
<area shape="rect" href="$classdownload.html#7cdcf1d93e0576efd6ee1f8fd1691c86" title="download::get_download" alt="" coords="200,448,363,475">
<area shape="rect" href="$classdownload.html#797d5055ab52c894e31257dcddb6527d" title="download::get_hostinfo" alt="" coords="204,499,359,525">
<area shape="rect" href="$download__thread_8h.html#927488907357e9dee4313cc9bc64bf1a" title="get_next_downloadable" alt="" coords="204,600,359,627">
<area shape="rect" href="$helperfunctions_8h.html#1323c80ce04f827731ef6c31e066d429" title="log_string" alt="" coords="243,296,320,323">
<area shape="rect" href="$download__thread_8h.html#6a8c6bb2fe38a6e62f8f3a9ee9226e19" title="download_thread_main" alt="" coords="580,600,732,627">
<area shape="rect" href="$mgmt__thread_8cpp.html#6e650b33dad817d27bae454adef751cc" title="act" alt="" coords="451,245,491,272">
<area shape="rect" href="$mgmt__thread_8h.html#f2d4cc0c9d270a320d0ccdd9dfa68bc1" title="add" alt="" coords="449,93,492,120">
<area shape="rect" href="$mgmt__thread_8h.html#3b0636c83f04f06f849c5273f903bb6c" title="del" alt="" coords="452,195,489,221">
<area shape="rect" href="$mgmt__thread_8h.html#9fd4ea7aeb3e4c6a96645fc71229ace7" title="set" alt="" coords="451,144,491,171">
