<area shape="rect" href="$download__thread_8cpp.html#82e1718c72a72e81ab863c9a841a1d63" title="download_thread" alt="" coords="529,148,647,175">
<area shape="rect" href="$classcfgfile.html#b3160044dec1a9d137426875ca8ec1ba" title="cfgfile::get_cfg_value" alt="" coords="892,401,1036,428">
<area shape="rect" href="$helperfunctions_8cpp.html#1323c80ce04f827731ef6c31e066d429" title="log_string" alt="" coords="740,300,817,327">
<area shape="rect" href="$download__thread_8cpp.html#6a8c6bb2fe38a6e62f8f3a9ee9226e19" title="download_thread_main" alt="" coords="301,97,453,124">
<area shape="rect" href="$mgmt__thread_8cpp.html#ae7fcd251e8eb9d8e2c333c469a3eddb" title="mgmt_thread_main" alt="" coords="109,452,240,479">
<area shape="rect" href="$classcfgfile.html#3cbe4a0fb63847bf675f13d8220cfbf2" title="cfgfile::open_cfg_file" alt="" coords="104,731,245,757">
<area shape="rect" href="$global__management_8cpp.html#d9cba12819276a83bd78618c76334432" title="tick_downloads" alt="" coords="120,781,229,808">
<area shape="rect" href="$helperfunctions_8cpp.html#29627d9dfaf5a48f0b30eadbae37f9f0" title="int_to_string" alt="" coords="733,97,824,124">
<area shape="rect" href="$curl__callbacks_8cpp.html#d1dae67d72ffc81a68ff9dcd6b583bef" title="report_progress" alt="" coords="723,148,835,175">
<area shape="rect" href="$download__thread_8h.html#3964ba90c2ac14f17ea69835f8f8d15e" title="write_file" alt="" coords="743,199,815,225">
<area shape="rect" href="$download__thread_8cpp.html#ae07ff136d1485719bbf963640181004" title="get_next_downloadable" alt="" coords="511,47,665,73">
<area shape="rect" href="$download__thread_8cpp.html#5cd7d4767c0d38c73d1abe231e0c16f2" title="get_running_count" alt="" coords="715,47,843,73">
<area shape="rect" href="$classtkSock.html#994acf1d5e52f9e52560f4e9179232e8" title="tkSock::auto_accept" alt="" coords="307,579,448,605">
<area shape="rect" href="$classtkSock.html#ab1c28941fe374253221685f1c3c8b94" title="tkSock::auto_accept_join" alt="" coords="293,629,461,656">
<area shape="rect" href="$classtkSock.html#b13e8a6ea420fee629312d98955306cd" title="tkSock::bind" alt="" coords="331,325,424,352">
<area shape="rect" href="$mgmt__thread_8cpp.html#62e55cd17c61a5ca32b9d43de1d016c5" title="connection_handler" alt="" coords="311,376,444,403">
<area shape="rect" href="$classtkSock.html#4e163c205993d904c854e0f1e9641eda" title="tkSock::listen" alt="" coords="327,427,428,453">
<area shape="rect" href="$helperfunctions_8cpp.html#d4694ad92bebae4d107ff1541b1e7d1a" title="string_to_int" alt="" coords="332,477,423,504">
<area shape="rect" href="$mgmt__thread_8cpp.html#3b0636c83f04f06f849c5273f903bb6c" title="del" alt="" coords="569,452,607,479">
<area shape="rect" href="$helperfunctions_8cpp.html#9e009074e2d6cce81d8f5ca3654561b9" title="trim_string" alt="" coords="737,503,820,529">
<area shape="rect" href="$classtkSock.html#2d7f9539806d609dfda0956e7c1a0a00" title="tkSock::recv" alt="" coords="540,351,636,377">
<area shape="rect" href="$mgmt__thread_8cpp.html#07ce11fe7b71a097d8792a5d632031b6" title="dump_list_to_file" alt="" coords="719,452,839,479">
