<area shape="rect" href="$mgmt__thread_8cpp.html#ae7fcd251e8eb9d8e2c333c469a3eddb" title="mgmt_thread_main" alt="" coords="109,233,240,260">
<area shape="rect" href="$classcfgfile.html#3cbe4a0fb63847bf675f13d8220cfbf2" title="cfgfile::open_cfg_file" alt="" coords="104,284,245,311">
<area shape="rect" href="$classtkSock.html#994acf1d5e52f9e52560f4e9179232e8" title="tkSock::auto_accept" alt="" coords="307,56,448,83">
<area shape="rect" href="$classtkSock.html#ab1c28941fe374253221685f1c3c8b94" title="tkSock::auto_accept_join" alt="" coords="293,107,461,133">
<area shape="rect" href="$classtkSock.html#b13e8a6ea420fee629312d98955306cd" title="tkSock::bind" alt="" coords="331,157,424,184">
<area shape="rect" href="$mgmt__thread_8cpp.html#62e55cd17c61a5ca32b9d43de1d016c5" title="connection_handler" alt="" coords="311,208,444,235">
<area shape="rect" href="$classcfgfile.html#b3160044dec1a9d137426875ca8ec1ba" title="cfgfile::get_cfg_value" alt="" coords="655,259,799,285">
<area shape="rect" href="$helperfunctions_8cpp.html#cd9fa1f78fc8b6c6f690187b39b17ef7" title="log_string" alt="" coords="519,259,596,285">
<area shape="rect" href="$classtkSock.html#4e163c205993d904c854e0f1e9641eda" title="tkSock::listen" alt="" coords="327,360,428,387">
<area shape="rect" href="$helperfunctions_8cpp.html#d4694ad92bebae4d107ff1541b1e7d1a" title="string_to_int" alt="" coords="332,411,423,437">
<area shape="rect" href="$mgmt__thread_8cpp.html#6e650b33dad817d27bae454adef751cc" title="act" alt="" coords="537,5,577,32">
<area shape="rect" href="$helperfunctions_8cpp.html#9e009074e2d6cce81d8f5ca3654561b9" title="trim_string" alt="" coords="685,56,768,83">
<area shape="rect" href="$mgmt__thread_8cpp.html#3b0636c83f04f06f849c5273f903bb6c" title="del" alt="" coords="539,107,576,133">
<area shape="rect" href="$classtkSock.html#2d7f9539806d609dfda0956e7c1a0a00" title="tkSock::recv" alt="" coords="509,208,605,235">
